main.assertion\
- Status: SUCCESS\
- Description: "Increment"\

VERIFICATION:- SUCCESSFUL
