main.assertion\
- Status: SUCCESS\
- Description: "Increment"\

main.assertion\
- Status: SUCCESS\
- Description: "Unchanged"

VERIFICATION:- SUCCESSFUL
