main.assertion\
- Status: SUCCESS\
- Description: "replaced"\
in function main

VERIFICATION:- SUCCESSFUL
