assigns\
- Status: FAILURE\
- Description: "Check that *var_1 is assignable"\
in function modify_wrapper

Failed Checks: Check that *var_1 is assignable\
in modify_wrapper

VERIFICATION:- FAILED
