main.assertion\
- Status: FAILURE\
- Description: "not havocked"\
in function main

Failed Checks: not havocked

VERIFICATION:- FAILED
